// Vitest Snapshot v1, https://vitest.dev/guide/snapshot.html

exports[`<ProfileMenu /> > structural snapshot 1`] = `
<div
  style="position: relative;"
>
  <button
    aria-expanded="false"
    aria-haspopup="menu"
    aria-label="Account menu"
    data-testid="profile-menu-trigger"
    style="width: 32px; height: 32px; min-width: 44px; min-height: 44px; background-color: var(--color-oxblood); color: var(--color-ivory); border-width: 0px; border-style: none; font-family: var(--font-serif); font-size: 14px; display: inline-flex; align-items: center; justify-content: center; padding: 0px; cursor: pointer;"
    type="button"
  >
    TS
  </button>
</div>
`;
